// Jest Snapshot v1, https://goo.gl/fbAQLP

exports[`<GreetingPage /> renders greeting page 1`] = `
ShallowWrapper {
  "length": 1,
  Symbol(enzyme.__root__): [Circular],
  Symbol(enzyme.__unrendered__): <GreetingPage
    name="Joe"
  />,
  Symbol(enzyme.__renderer__): Object {
    "batchedUpdates": [Function],
    "getNode": [Function],
    "render": [Function],
    "simulateEvent": [Function],
    "unmount": [Function],
  },
  Symbol(enzyme.__node__): Object {
    "instance": null,
    "key": undefined,
    "nodeType": "class",
    "props": Object {
      "bsClass": "jumbotron",
      "children": Array [
        <h1>
          Hello, 
          Joe
          !
        </h1>,
        <p>
          Lorem ipsum dolor sit amet, consectetur adipiscing elit. Suspendisse tristique sapien vitae arcu dapibus, ut tempus nibh vestibulum. In vitae ligula turpis. Nam purus tortor, lacinia quis nulla vitae, sagittis lobortis neque. Donec posuere volutpat ex, condimentum convallis magna rutrum elementum. Vivamus feugiat, libero sed euismod sollicitudin, ipsum orci posuere sapien, at cursus libero tortor vel turpis. Suspendisse potenti. Maecenas blandit risus quis euismod rhoncus. Morbi ac consequat nisi, eu vehicula dui. Quisque tincidunt bibendum auctor. Etiam a auctor lectus.
        </p>,
        <Button
          active={false}
          block={false}
          bsClass="btn"
          bsStyle="primary"
          className="logout-btn"
          disabled={false}
          onClick={undefined}
        >
          Logout
        </Button>,
      ],
      "componentClass": "div",
    },
    "ref": null,
    "rendered": Array [
      Object {
        "instance": null,
        "key": undefined,
        "nodeType": "host",
        "props": Object {
          "children": Array [
            "Hello, ",
            "Joe",
            "!",
          ],
        },
        "ref": null,
        "rendered": Array [
          "Hello, ",
          "Joe",
          "!",
        ],
        "type": "h1",
      },
      Object {
        "instance": null,
        "key": undefined,
        "nodeType": "host",
        "props": Object {
          "children": "Lorem ipsum dolor sit amet, consectetur adipiscing elit. Suspendisse tristique sapien vitae arcu dapibus, ut tempus nibh vestibulum. In vitae ligula turpis. Nam purus tortor, lacinia quis nulla vitae, sagittis lobortis neque. Donec posuere volutpat ex, condimentum convallis magna rutrum elementum. Vivamus feugiat, libero sed euismod sollicitudin, ipsum orci posuere sapien, at cursus libero tortor vel turpis. Suspendisse potenti. Maecenas blandit risus quis euismod rhoncus. Morbi ac consequat nisi, eu vehicula dui. Quisque tincidunt bibendum auctor. Etiam a auctor lectus.",
        },
        "ref": null,
        "rendered": "Lorem ipsum dolor sit amet, consectetur adipiscing elit. Suspendisse tristique sapien vitae arcu dapibus, ut tempus nibh vestibulum. In vitae ligula turpis. Nam purus tortor, lacinia quis nulla vitae, sagittis lobortis neque. Donec posuere volutpat ex, condimentum convallis magna rutrum elementum. Vivamus feugiat, libero sed euismod sollicitudin, ipsum orci posuere sapien, at cursus libero tortor vel turpis. Suspendisse potenti. Maecenas blandit risus quis euismod rhoncus. Morbi ac consequat nisi, eu vehicula dui. Quisque tincidunt bibendum auctor. Etiam a auctor lectus.",
        "type": "p",
      },
      Object {
        "instance": null,
        "key": undefined,
        "nodeType": "class",
        "props": Object {
          "active": false,
          "block": false,
          "bsClass": "btn",
          "bsStyle": "primary",
          "children": "Logout",
          "className": "logout-btn",
          "disabled": false,
          "onClick": undefined,
        },
        "ref": null,
        "rendered": "Logout",
        "type": [Function],
      },
    ],
    "type": [Function],
  },
  Symbol(enzyme.__nodes__): Array [
    Object {
      "instance": null,
      "key": undefined,
      "nodeType": "class",
      "props": Object {
        "bsClass": "jumbotron",
        "children": Array [
          <h1>
            Hello, 
            Joe
            !
          </h1>,
          <p>
            Lorem ipsum dolor sit amet, consectetur adipiscing elit. Suspendisse tristique sapien vitae arcu dapibus, ut tempus nibh vestibulum. In vitae ligula turpis. Nam purus tortor, lacinia quis nulla vitae, sagittis lobortis neque. Donec posuere volutpat ex, condimentum convallis magna rutrum elementum. Vivamus feugiat, libero sed euismod sollicitudin, ipsum orci posuere sapien, at cursus libero tortor vel turpis. Suspendisse potenti. Maecenas blandit risus quis euismod rhoncus. Morbi ac consequat nisi, eu vehicula dui. Quisque tincidunt bibendum auctor. Etiam a auctor lectus.
          </p>,
          <Button
            active={false}
            block={false}
            bsClass="btn"
            bsStyle="primary"
            className="logout-btn"
            disabled={false}
            onClick={undefined}
          >
            Logout
          </Button>,
        ],
        "componentClass": "div",
      },
      "ref": null,
      "rendered": Array [
        Object {
          "instance": null,
          "key": undefined,
          "nodeType": "host",
          "props": Object {
            "children": Array [
              "Hello, ",
              "Joe",
              "!",
            ],
          },
          "ref": null,
          "rendered": Array [
            "Hello, ",
            "Joe",
            "!",
          ],
          "type": "h1",
        },
        Object {
          "instance": null,
          "key": undefined,
          "nodeType": "host",
          "props": Object {
            "children": "Lorem ipsum dolor sit amet, consectetur adipiscing elit. Suspendisse tristique sapien vitae arcu dapibus, ut tempus nibh vestibulum. In vitae ligula turpis. Nam purus tortor, lacinia quis nulla vitae, sagittis lobortis neque. Donec posuere volutpat ex, condimentum convallis magna rutrum elementum. Vivamus feugiat, libero sed euismod sollicitudin, ipsum orci posuere sapien, at cursus libero tortor vel turpis. Suspendisse potenti. Maecenas blandit risus quis euismod rhoncus. Morbi ac consequat nisi, eu vehicula dui. Quisque tincidunt bibendum auctor. Etiam a auctor lectus.",
          },
          "ref": null,
          "rendered": "Lorem ipsum dolor sit amet, consectetur adipiscing elit. Suspendisse tristique sapien vitae arcu dapibus, ut tempus nibh vestibulum. In vitae ligula turpis. Nam purus tortor, lacinia quis nulla vitae, sagittis lobortis neque. Donec posuere volutpat ex, condimentum convallis magna rutrum elementum. Vivamus feugiat, libero sed euismod sollicitudin, ipsum orci posuere sapien, at cursus libero tortor vel turpis. Suspendisse potenti. Maecenas blandit risus quis euismod rhoncus. Morbi ac consequat nisi, eu vehicula dui. Quisque tincidunt bibendum auctor. Etiam a auctor lectus.",
          "type": "p",
        },
        Object {
          "instance": null,
          "key": undefined,
          "nodeType": "class",
          "props": Object {
            "active": false,
            "block": false,
            "bsClass": "btn",
            "bsStyle": "primary",
            "children": "Logout",
            "className": "logout-btn",
            "disabled": false,
            "onClick": undefined,
          },
          "ref": null,
          "rendered": "Logout",
          "type": [Function],
        },
      ],
      "type": [Function],
    },
  ],
  Symbol(enzyme.__options__): Object {
    "adapter": ReactSixteenAdapter {
      "options": Object {
        "enableComponentDidUpdateOnSetState": true,
      },
    },
  },
}
`;

exports[`<GreetingPage /> renders spinner 1`] = `
ShallowWrapper {
  "length": 1,
  Symbol(enzyme.__root__): [Circular],
  Symbol(enzyme.__unrendered__): <GreetingPage />,
  Symbol(enzyme.__renderer__): Object {
    "batchedUpdates": [Function],
    "getNode": [Function],
    "render": [Function],
    "simulateEvent": [Function],
    "unmount": [Function],
  },
  Symbol(enzyme.__node__): Object {
    "instance": null,
    "key": undefined,
    "nodeType": "host",
    "props": Object {
      "children": <Spinner
        color="#000000"
        size="64px"
      />,
      "className": "col-xs-offset-5",
    },
    "ref": null,
    "rendered": Object {
      "instance": null,
      "key": undefined,
      "nodeType": "function",
      "props": Object {
        "color": "#000000",
        "size": "64px",
      },
      "ref": null,
      "rendered": null,
      "type": [Function],
    },
    "type": "div",
  },
  Symbol(enzyme.__nodes__): Array [
    Object {
      "instance": null,
      "key": undefined,
      "nodeType": "host",
      "props": Object {
        "children": <Spinner
          color="#000000"
          size="64px"
        />,
        "className": "col-xs-offset-5",
      },
      "ref": null,
      "rendered": Object {
        "instance": null,
        "key": undefined,
        "nodeType": "function",
        "props": Object {
          "color": "#000000",
          "size": "64px",
        },
        "ref": null,
        "rendered": null,
        "type": [Function],
      },
      "type": "div",
    },
  ],
  Symbol(enzyme.__options__): Object {
    "adapter": ReactSixteenAdapter {
      "options": Object {
        "enableComponentDidUpdateOnSetState": true,
      },
    },
  },
}
`;
