// Jest Snapshot v1, https://goo.gl/fbAQLP

exports[`logout.actions logout() 1`] = `
Object {
  "type": "LOGOUT",
}
`;
